# Editor de Mapas Isométricos v1.3
# Largura: 48
# Altura: 48
# FundoImgW: 1024
# FundoImgH: 644
# Tiles:
________________________________________________
________________________________________________
________________________________________________
________________________________________________
________________________________________________
________________________________________________
________________________________________________
________________________________________________
________________________________________________
________________________________________________
________________________________________________
________________________________________________
________________________________________________
________________________________________________
________________________________________________
________________________________________________
________________________________________________
________________________________________________
_______________________I________________________
_______________________X________________________
_______________________X________________________
________________________XXXXXX__________________
______________________________X_________________
______________________________X_________________
_________________F____________X_________________
_________________X____________X_________________
_________________X____________X_________________
__________________XXXXX_______X_________________
_______________________X______X_________________
_______________________X______X_________________
________________________XXXXXX__________________
________________________________________________
________________________________________________
________________________________________________
________________________________________________
________________________________________________
________________________________________________
________________________________________________
________________________________________________
________________________________________________
________________________________________________
________________________________________________
________________________________________________
________________________________________________
________________________________________________
________________________________________________
________________________________________________
________________________________________________