# Editor de Mapas Isométricos v1.3
# Largura: 48
# Altura: 48
F____________________I__________________________
X____________________X__________________________
X____________________X__________________________
X____________________X__________________________
X____________________X__________________________
X____________________XXXXXXXXXXXXXXXXXXXXXXXXXXX
X______________________________________________X
XXXXXXXXXXXXXXXXX______________________________X
________________X______________________________X
________________X______________________________X
________________X______________________________X
________________X______________________________X
________________X______________________________X
XXXXXXXX________X__________XXXXXXXXXX__________X
X______X________X__________X________X__________X
X______X________X__________X________X__________X
X______X________X__________X________X__________X
X______X________X__________X________X__________X
X______X________X__________X________X__________X
X______X________X__________X________X__________X
X______X________XXXXXXXXXXXX________X__________X
X______X____________________________X__________X
X______X____________________________X__________X
X______X____________________________X__________X
X______X____________________________X__________X
X______X____________________________X__________X
X______X____________________________X__________X
X______X____________________________X__________X
X______X____________________________X__________X
X______X____________________________X__________X
X______X____________________________X__________X
X______X____________________________X__________X
X______X____________________________X__________X
X______X____________________________X__________X
X______XXXXXXXXXXXXXXXXXXXXXXXXXXXXXX__________X
X______________________________________________X
X______________________________________________X
X______________________________________________X
X_____________XXXXXXXXXXX______________________X
X_____________X_________X______________________X
X_____________X_________X______________________X
X_____________X_________X______________________X
X_____________X_________X______________________X
X_____________X_________X______________________X
X_____________X_________X______________________X
X_____________X_________X______________________X
X_____________X_________X______________________X
XXXXXXXXXXXXXXX_________XXXXXXXXXXXXXXXXXXXXXXXX