# Editor de Mapas Isométricos v1.3
# Largura: 48
# Altura: 48
________________________________________________
________________________________________________
________________________________________________
________________________________________________
________________________________________________
________________________________________________
________________________________________________
________________________________________________
____________________I___________________________
____________________X___________________________
____________________X___________________________
____________________X___________________________
____________________X___________________________
____________________X___________________________
________________F___X___________________________
________________X___X___________________________
________________X___X___________________________
________________X___X___________________________
________________X___X___________________________
________________X___X___________________________
________________X___XXXXXXXXXXXXXXXXX___________
________________X___________________X___________
________________X___________________X___________
________________X___________________X___________
________________X___________________X___________
________________X___________________X___________
__XXXXXXXXXXXXXXX___________________X___________
__X_________________________________X___________
__X_________________________________X___________
__X_________________________________X___________
__X_________________________________X___________
__X_________________________________X___________
__X_________________________________X___________
__X_________________________________X___________
__X_________________________________X___________
__X_________________________________X___________
__X_________________________________X___________
__X_________________________________X___________
__X_________________________________X___________
__X_________________________________X___________
__X_________________________________X___________
__X_________________________________X___________
__X_________________________________X___________
__X_________________________________X___________
__XXXXXXXXXXXXXXXXXXXXXXXXXXXXXXXXXXX___________
________________________________________________
________________________________________________
________________________________________________