# Editor de Mapas Isométricos v1.3
# Largura: 48
# Altura: 48
________________________________________________
________________________________________________
________________________________________________
________________________________________________
________________________________________________
________________________________________________
________________________________________________
________________________________________________
________________________________________________
________________________________________________
________________________________________________
________________________________________________
________________________________________________
________________________________________________
________________________________________________
________________________________________________
________________________________________________
________________________________________________
_________________XXXXXXXXXXX_I__________________
_________________X_________X_X__________________
_________________X_________X_X__________________
_________________X__XXXXXXXX_XX_________________
_________________X__X_________X_________________
_________________X__X___XXXX__X_________________
_________________X__X___X__X__X_________________
_________________X__X___F__X__X_________________
_________________X__X______X__X_________________
_________________X__XXXXXXXX__X_________________
_________________X____________X_________________
_________________X____________X_________________
_________________XXXXXXXXXXXXXX_________________
________________________________________________
________________________________________________
________________________________________________
________________________________________________
________________________________________________
________________________________________________
________________________________________________
________________________________________________
________________________________________________
________________________________________________
________________________________________________
________________________________________________
________________________________________________
________________________________________________
________________________________________________
________________________________________________
________________________________________________