# Editor de mapas isométricos v1.3
# Largura: 48
# Altura: 48
________________________________________________
________________________________________________
________________________________________________
________________________________________________
________________________________________________
________________________________________________
________________________________________________
________________________________________________
________________________________________________
____________________I___________________________
____________________X___________________________
____________________X___________________________
____________________X___________________________
____________________P___________________________
________________F___X___________________________
________________P___X___________________________
________________X___X___________________________
________________X___P___________________________
________________X___X___________________________
________________P___X___________________________
________________X___XPXXXPXXXPXXXPXXX___________
________________X___________________P___________
________________X___________________X___________
________________P___________________X___________
________________X___________________X___________
________________X___________________P___________
__XPXXXPXXXPXXXPX___________________X___________
__X_________________________________X___________
__X_________________________________X___________
__P_________________________________P___________
__X_________________________________X___________
__X_________________________________X___________
__X_________________________________X___________
__P_________________________________P___________
__X_________________________________X___________
__X_________________________________X___________
__X_________________________________X___________
__P_________________________________P___________
__X_________________________________X___________
__X_________________________________X___________
__X_________________________________X___________
__P_________________________________P___________
__XXXPXXXPXXXPXXXPXXXPXXXPXXXPXXXPXXX___________
________________________________________________
________________________________________________
________________________________________________
________________________________________________
________________________________________________